Domain registry validation passed.
Repository Skill validation passed.
Project Custom Agent validation passed.
...................................................
----------------------------------------------------------------------
Ran 51 tests in 0.404s

OK
Activated engineering.web; registry and manifest now report active
Would activate engineering.web in registry and manifest
Would create domains/engineering/ios/
Would register engineering.ios as draft version 0.1.0
Created domains/engineering/ios/
Registered engineering.ios as draft version 0.1.0
Next: use $complete-domain-pack to complete engineering.ios
Created domains/engineering/web/
Registered engineering.web as draft version 0.1.0
Next: use $complete-domain-pack to complete engineering.web
Created domains/engineering/ios/
Registered engineering.ios as draft version 0.1.0
Next: use $complete-domain-pack to complete engineering.ios
Created domains/engineering/ios/
Registered engineering.ios as draft version 0.1.0
Next: use $complete-domain-pack to complete engineering.ios
Created domains/engineering/ios/
Registered engineering.ios as draft version 0.1.0
Next: use $complete-domain-pack to complete engineering.ios
Created domains/engineering/ios/
Registered engineering.ios as draft version 0.1.0
Next: use $complete-domain-pack to complete engineering.ios
Created domains/engineering/ios/
Registered engineering.ios as draft version 0.1.0
Next: use $complete-domain-pack to complete engineering.ios
Created domains/engineering/ios/
Registered engineering.ios as draft version 0.1.0
Next: use $complete-domain-pack to complete engineering.ios
Created domains/engineering/ios/
Registered engineering.ios as draft version 0.1.0
Next: use $complete-domain-pack to complete engineering.ios
Created domains/engineering/ios/
Registered engineering.ios as draft version 0.1.0
Next: use $complete-domain-pack to complete engineering.ios
